{"nscore": 0.5,"party_id": "270894601"}
{"nscore": 0.221,"party_id": "270866042"}
{"nscore": 0.646,"party_id": "270747453"}
{"nscore": 0.072,"party_id": "270868586"}
{"nscore": 0.221,"party_id": "27075405"}
{"nscore": 1.198,"party_id": "270775766"}
