{"nscore": 0.245,"party_id": "270894601"}
{"nscore": 0.221,"party_id": "270790117"}
{"nscore": 1.162,"party_id": "270792424"}
{"nscore": 0.144,"party_id": "270900640"}
{"nscore": 0.221,"party_id": "270744549"}
{"nscore": 0.318,"party_id": "270748860"}
