{"nscore": 0.245,"party_id": "270894601"}
{"nscore": 0.221,"party_id": "270790117"}
{"nscore": 1.162,"party_id": "270792424"}
{"nscore": 0.144,"party_id": "270900640"}
{"nscore": 0.221,"party_id": "270744549"}
{"nscore": 0.318,"party_id": "270748860"}
{"nscore": 0.221,"party_id": "270866042"}
{"nscore": 0.646,"party_id": "270747453"}
{"nscore": 0.072,"party_id": "270868586"}
{"nscore": 0.221,"party_id": "27075405"}
{"nscore": 1.198,"party_id": "270775766"}
